Drill report for Meritum_PGW.kicad_pcb
Created on 2026-08-18T20:37:20

Copper Layer Stackup:
    =============================================================
    L1 :  F.Cu                      front
    L2 :  B.Cu                      back


Drill file 'Meritum_PGW-PTH-drl.gbr' contains
    plated through holes:
    =============================================================
    T1  0.400mm  0.0157"  (1117 holes))
    T2  0.500mm  0.0197"  (6 holes))
    T3  0.600mm  0.0236"  (4 holes))
    T4  0.700mm  0.0276"  (274 holes))
    T5  0.750mm  0.0295"  (6 holes))
    T6  0.800mm  0.0315"  (1491 holes))
    T7  1.000mm  0.0394"  (187 holes))
    T8  1.300mm  0.0512"  (9 holes))

    Total plated holes count 3094


Drill file 'Meritum_PGW-NPTH-drl.gbr' contains
    unplated through holes:
    =============================================================
    T1  2.400mm  0.0945"  (2 holes))
    T2  3.200mm  0.1260"  (4 holes))

    Total unplated holes count 6
